// Jest Snapshot v1, https://goo.gl/fbAQLP

exports[`Hero component should render as expected 1`] = `
<header
  className="hero__container"
  id="home"
>
  <ProgressiveImage
    className="hero__image"
    src="static/work.jpg"
    thumbnail="static/thumbnails/work.jpg"
  />
  <div
    className="hero__imageContainer"
  >
    <div
      className="hero__bottomContainer"
    >
      <p
        className="hero__bottomText"
      >
        There‘s more to it.
      </p>
      <p
        className="socials__container hero__socials"
      >
        <a
          className="socials__item"
          href="https://www.xing.com/companies/axelspringerse"
        >
          <span
            aria-hidden={true}
            className="fa fa-xing"
          />
        </a>
        <a
          className="socials__item"
          href="https://de.linkedin.com/company/axel-springer-se"
        >
          <span
            aria-hidden={true}
            className="fa fa-linkedin"
          />
        </a>
        <a
          className="socials__item"
          href="https://www.instagram.com/axel_springer_karriere/"
        >
          <span
            aria-hidden={true}
            className="fa fa-instagram"
          />
        </a>
        <a
          className="socials__item"
          href="https://www.facebook.com/AxelSpringerKarriere/"
        >
          <span
            aria-hidden={true}
            className="fa fa-facebook"
          />
        </a>
      </p>
    </div>
  </div>
  <p
    className="hero__text"
  >
    Nowadays the largest source of revenue at 
    <strong>
      Axel Springer
    </strong>
     and it’s companies is the digital business. Hence, sharing of best practices and practical solutions plays a huge role in our everyday work. That’s why we’re going public with some of our projects here. 
    <strong>
      We love the idea of cooperating inhouse and with everyone outside who can benefit from the things we’ve built.
    </strong>
     Even better if you join us in discussion and development!
  </p>
</header>
`;
